// Jest Snapshot v1, https://goo.gl/fbAQLP

exports[`should render Header correctly 1`] = `
<div
  className="header"
>
  <div
    className="header-layout content-container "
  >
    <Link
      className="header-link"
      to="/"
    >
      LC Brokers
    </Link>
    <Link
      className="header-link"
      to="/add-options"
    >
      Добави опции
    </Link>
    <Link
      className="header-link"
      to="/offers"
    >
      Оферти
    </Link>
    <Link
      className="header-link"
      to="/add-offer"
    >
      Добави Оферта
    </Link>
  </div>
</div>
`;
